2026-03-26T17:44:33 | INFO     | __main__         | ============================================================
2026-03-26T17:44:33 | INFO     | __main__         | Kalshi Mean-Reversion Bot starting up
2026-03-26T17:44:33 | INFO     | __main__         | DRY RUN: True
2026-03-26T17:44:33 | INFO     | __main__         | Assets: ['BTC', 'ETH']
2026-03-26T17:44:33 | INFO     | __main__         | Entry threshold: 40%
2026-03-26T17:44:33 | INFO     | __main__         | Exit range: 48% - 50%
2026-03-26T17:44:33 | INFO     | __main__         | Trade size: $5.0
2026-03-26T17:44:33 | INFO     | __main__         | ============================================================
2026-03-26T17:44:33 | INFO     | __main__         | Price feed connecting...
2026-03-26T17:44:33 | INFO     | price_feed       | Connecting to Coinbase price feed: ['BTC-USD', 'ETH-USD']
2026-03-26T17:44:37 | INFO     | __main__         | STATUS | BTC=$68,943 ETH=$2,069 | positions=0 | daily_pnl=$+0.00 | kill=False
2026-03-26T17:44:42 | INFO     | __main__         | STATUS | BTC=$68,953 ETH=$2,069 | positions=0 | daily_pnl=$+0.00 | kill=False
2026-03-26T17:44:47 | INFO     | __main__         | STATUS | BTC=$68,966 ETH=$2,069 | positions=0 | daily_pnl=$+0.00 | kill=False
2026-03-26T17:44:52 | INFO     | __main__         | STATUS | BTC=$68,966 ETH=$2,069 | positions=0 | daily_pnl=$+0.00 | kill=False
2026-03-26T17:44:57 | INFO     | __main__         | STATUS | BTC=$68,972 ETH=$2,069 | positions=0 | daily_pnl=$+0.00 | kill=False
2026-03-26T17:45:02 | INFO     | __main__         | STATUS | BTC=$68,972 ETH=$2,069 | positions=0 | daily_pnl=$+0.00 | kill=False
2026-03-26T17:45:07 | INFO     | __main__         | STATUS | BTC=$68,972 ETH=$2,069 | positions=0 | daily_pnl=$+0.00 | kill=False
2026-03-26T17:45:12 | INFO     | __main__         | STATUS | BTC=$68,972 ETH=$2,069 | positions=0 | daily_pnl=$+0.00 | kill=False
2026-03-26T17:45:18 | INFO     | __main__         | STATUS | BTC=$68,971 ETH=$2,069 | positions=0 | daily_pnl=$+0.00 | kill=False
2026-03-26T17:45:23 | INFO     | __main__         | STATUS | BTC=$68,971 ETH=$2,069 | positions=0 | daily_pnl=$+0.00 | kill=False
2026-03-26T17:45:28 | INFO     | __main__         | STATUS | BTC=$68,948 ETH=$2,069 | positions=0 | daily_pnl=$+0.00 | kill=False
2026-03-26T17:45:33 | INFO     | __main__         | STATUS | BTC=$68,933 ETH=$2,069 | positions=0 | daily_pnl=$+0.00 | kill=False
2026-03-26T17:45:38 | INFO     | __main__         | STATUS | BTC=$68,933 ETH=$2,068 | positions=0 | daily_pnl=$+0.00 | kill=False
2026-03-26T17:45:43 | INFO     | __main__         | STATUS | BTC=$68,933 ETH=$2,068 | positions=0 | daily_pnl=$+0.00 | kill=False
2026-03-26T17:45:48 | INFO     | __main__         | STATUS | BTC=$68,933 ETH=$2,068 | positions=0 | daily_pnl=$+0.00 | kill=False
2026-03-26T17:45:53 | INFO     | __main__         | STATUS | BTC=$68,933 ETH=$2,068 | positions=0 | daily_pnl=$+0.00 | kill=False
2026-03-26T17:45:59 | INFO     | __main__         | STATUS | BTC=$68,933 ETH=$2,068 | positions=0 | daily_pnl=$+0.00 | kill=False
2026-03-26T17:46:04 | INFO     | __main__         | STATUS | BTC=$68,923 ETH=$2,068 | positions=0 | daily_pnl=$+0.00 | kill=False
2026-03-26T17:46:09 | INFO     | __main__         | STATUS | BTC=$68,923 ETH=$2,068 | positions=0 | daily_pnl=$+0.00 | kill=False
2026-03-26T17:46:14 | INFO     | __main__         | STATUS | BTC=$68,923 ETH=$2,068 | positions=0 | daily_pnl=$+0.00 | kill=False
2026-03-26T17:46:19 | INFO     | __main__         | STATUS | BTC=$68,918 ETH=$2,067 | positions=0 | daily_pnl=$+0.00 | kill=False
2026-03-26T17:46:24 | INFO     | __main__         | STATUS | BTC=$68,918 ETH=$2,067 | positions=0 | daily_pnl=$+0.00 | kill=False
2026-03-26T17:46:29 | INFO     | __main__         | STATUS | BTC=$68,917 ETH=$2,067 | positions=0 | daily_pnl=$+0.00 | kill=False
2026-03-26T17:46:34 | INFO     | __main__         | STATUS | BTC=$68,916 ETH=$2,068 | positions=0 | daily_pnl=$+0.00 | kill=False
2026-03-26T17:46:39 | INFO     | __main__         | STATUS | BTC=$68,917 ETH=$2,068 | positions=0 | daily_pnl=$+0.00 | kill=False
2026-03-26T17:46:45 | INFO     | strategy         | ENTRY SIGNAL: KXBTC15M-26MAR261800-00 | side=yes | odds=38.00% | 12 contracts @ 39¢ | reason=YES odds 38.00% < threshold 40.00%
2026-03-26T17:46:45 | INFO     | kalshi_client    | [DRY RUN] Would place YES order: 12 contracts @ 39¢ on KXBTC15M-26MAR261800-00
2026-03-26T17:46:45 | INFO     | risk_manager     | Position opened: KXBTC15M-26MAR261800-00 | open=1
2026-03-26T17:46:45 | INFO     | logger           | [LOG] ENTRY KXBTC15M-26MAR261800-00 yes 12x @ 39¢ cost=$4.68
2026-03-26T17:46:45 | INFO     | order_manager    | ENTRY PLACED: KXBTC15M-26MAR261800-00 | yes | 12 contracts @ 39¢ | cost=$4.68
2026-03-26T17:46:45 | INFO     | __main__         | STATUS | BTC=$68,927 ETH=$2,069 | positions=1 | daily_pnl=$+0.00 | kill=False
2026-03-26T17:46:50 | INFO     | __main__         | STATUS | BTC=$68,927 ETH=$2,069 | positions=1 | daily_pnl=$+0.00 | kill=False
2026-03-26T17:46:55 | INFO     | __main__         | STATUS | BTC=$68,945 ETH=$2,069 | positions=1 | daily_pnl=$+0.00 | kill=False
2026-03-26T17:47:00 | INFO     | __main__         | STATUS | BTC=$68,934 ETH=$2,069 | positions=1 | daily_pnl=$+0.00 | kill=False
2026-03-26T17:47:05 | INFO     | __main__         | STATUS | BTC=$68,934 ETH=$2,069 | positions=1 | daily_pnl=$+0.00 | kill=False
2026-03-26T17:47:10 | INFO     | __main__         | STATUS | BTC=$68,948 ETH=$2,069 | positions=1 | daily_pnl=$+0.00 | kill=False
2026-03-26T17:47:15 | INFO     | __main__         | STATUS | BTC=$68,954 ETH=$2,069 | positions=1 | daily_pnl=$+0.00 | kill=False
2026-03-26T17:47:21 | INFO     | __main__         | STATUS | BTC=$68,937 ETH=$2,069 | positions=1 | daily_pnl=$+0.00 | kill=False
2026-03-26T17:47:26 | INFO     | __main__         | STATUS | BTC=$68,937 ETH=$2,069 | positions=1 | daily_pnl=$+0.00 | kill=False
2026-03-26T17:47:31 | INFO     | __main__         | STATUS | BTC=$68,933 ETH=$2,069 | positions=1 | daily_pnl=$+0.00 | kill=False
2026-03-26T17:47:36 | INFO     | __main__         | STATUS | BTC=$68,937 ETH=$2,069 | positions=1 | daily_pnl=$+0.00 | kill=False
2026-03-26T17:47:41 | INFO     | __main__         | STATUS | BTC=$68,954 ETH=$2,069 | positions=1 | daily_pnl=$+0.00 | kill=False
2026-03-26T17:47:46 | INFO     | __main__         | STATUS | BTC=$68,969 ETH=$2,069 | positions=1 | daily_pnl=$+0.00 | kill=False
2026-03-26T17:47:51 | INFO     | __main__         | STATUS | BTC=$68,969 ETH=$2,069 | positions=1 | daily_pnl=$+0.00 | kill=False
2026-03-26T17:47:56 | INFO     | __main__         | STATUS | BTC=$68,969 ETH=$2,070 | positions=1 | daily_pnl=$+0.00 | kill=False
2026-03-26T17:48:01 | INFO     | __main__         | STATUS | BTC=$68,948 ETH=$2,069 | positions=1 | daily_pnl=$+0.00 | kill=False
2026-03-26T17:48:07 | INFO     | __main__         | STATUS | BTC=$68,948 ETH=$2,069 | positions=1 | daily_pnl=$+0.00 | kill=False
2026-03-26T17:48:12 | INFO     | __main__         | STATUS | BTC=$68,946 ETH=$2,069 | positions=1 | daily_pnl=$+0.00 | kill=False
2026-03-26T17:48:17 | INFO     | __main__         | STATUS | BTC=$68,948 ETH=$2,069 | positions=1 | daily_pnl=$+0.00 | kill=False
2026-03-26T17:48:22 | INFO     | __main__         | STATUS | BTC=$68,964 ETH=$2,070 | positions=1 | daily_pnl=$+0.00 | kill=False
2026-03-26T17:48:27 | INFO     | __main__         | STATUS | BTC=$68,974 ETH=$2,070 | positions=1 | daily_pnl=$+0.00 | kill=False
2026-03-26T17:48:32 | INFO     | __main__         | STATUS | BTC=$68,953 ETH=$2,069 | positions=1 | daily_pnl=$+0.00 | kill=False
2026-03-26T17:48:37 | INFO     | __main__         | STATUS | BTC=$68,958 ETH=$2,069 | positions=1 | daily_pnl=$+0.00 | kill=False
2026-03-26T17:48:42 | INFO     | __main__         | STATUS | BTC=$68,950 ETH=$2,069 | positions=1 | daily_pnl=$+0.00 | kill=False
2026-03-26T17:48:48 | INFO     | strategy         | EXIT SIGNAL: KXBTC15M-26MAR261800-00 | side=yes | odds=53.00% | 12 contracts @ 52¢ | reason=Odds recovered to 53.00% — take profit
2026-03-26T17:48:48 | INFO     | kalshi_client    | [DRY RUN] Would place YES order: 12 contracts @ 52¢ on KXBTC15M-26MAR261800-00
2026-03-26T17:48:48 | INFO     | risk_manager     | Position closed: KXBTC15M-26MAR261800-00 | pnl=$+1.56 | daily_pnl=$+1.56
2026-03-26T17:48:48 | INFO     | logger           | [LOG] EXIT  KXBTC15M-26MAR261800-00 yes 12x @ 52¢ proceeds=$6.24 pnl=$+1.56
2026-03-26T17:48:48 | INFO     | order_manager    | EXIT PLACED: KXBTC15M-26MAR261800-00 | yes | 12 contracts @ 52¢ | pnl=$+1.56
2026-03-26T17:48:48 | INFO     | __main__         | STATUS | BTC=$68,948 ETH=$2,069 | positions=0 | daily_pnl=$+1.56 | kill=False
2026-03-26T17:48:53 | INFO     | __main__         | STATUS | BTC=$68,950 ETH=$2,069 | positions=0 | daily_pnl=$+1.56 | kill=False
2026-03-26T17:48:58 | INFO     | __main__         | STATUS | BTC=$68,948 ETH=$2,069 | positions=0 | daily_pnl=$+1.56 | kill=False
2026-03-26T17:49:03 | INFO     | __main__         | STATUS | BTC=$68,941 ETH=$2,069 | positions=0 | daily_pnl=$+1.56 | kill=False
2026-03-26T17:49:08 | INFO     | __main__         | STATUS | BTC=$68,963 ETH=$2,070 | positions=0 | daily_pnl=$+1.56 | kill=False
2026-03-26T17:49:13 | INFO     | __main__         | STATUS | BTC=$68,950 ETH=$2,069 | positions=0 | daily_pnl=$+1.56 | kill=False
2026-03-26T17:49:18 | INFO     | strategy         | ENTRY SIGNAL: KXETH15M-26MAR261800-00 | side=no | odds=38.00% | 12 contracts @ 39¢ | reason=NO odds 38.00% < threshold 40.00%
2026-03-26T17:49:18 | INFO     | kalshi_client    | [DRY RUN] Would place NO order: 12 contracts @ 39¢ on KXETH15M-26MAR261800-00
2026-03-26T17:49:18 | INFO     | risk_manager     | Position opened: KXETH15M-26MAR261800-00 | open=1
2026-03-26T17:49:18 | INFO     | logger           | [LOG] ENTRY KXETH15M-26MAR261800-00 no 12x @ 39¢ cost=$4.68
2026-03-26T17:49:18 | INFO     | order_manager    | ENTRY PLACED: KXETH15M-26MAR261800-00 | no | 12 contracts @ 39¢ | cost=$4.68
2026-03-26T17:49:18 | INFO     | __main__         | STATUS | BTC=$68,972 ETH=$2,070 | positions=1 | daily_pnl=$+1.56 | kill=False
2026-03-26T17:49:23 | INFO     | __main__         | STATUS | BTC=$68,948 ETH=$2,070 | positions=1 | daily_pnl=$+1.56 | kill=False
2026-03-26T17:49:29 | INFO     | __main__         | STATUS | BTC=$68,958 ETH=$2,069 | positions=1 | daily_pnl=$+1.56 | kill=False
2026-03-26T17:49:34 | INFO     | __main__         | STATUS | BTC=$68,970 ETH=$2,070 | positions=1 | daily_pnl=$+1.56 | kill=False
2026-03-26T17:49:39 | INFO     | __main__         | STATUS | BTC=$68,956 ETH=$2,070 | positions=1 | daily_pnl=$+1.56 | kill=False
2026-03-26T17:49:44 | INFO     | __main__         | STATUS | BTC=$68,956 ETH=$2,069 | positions=1 | daily_pnl=$+1.56 | kill=False
2026-03-26T17:49:49 | INFO     | __main__         | STATUS | BTC=$68,963 ETH=$2,069 | positions=1 | daily_pnl=$+1.56 | kill=False
2026-03-26T17:49:54 | INFO     | __main__         | STATUS | BTC=$68,961 ETH=$2,069 | positions=1 | daily_pnl=$+1.56 | kill=False
2026-03-26T17:49:59 | INFO     | __main__         | STATUS | BTC=$68,956 ETH=$2,069 | positions=1 | daily_pnl=$+1.56 | kill=False
2026-03-26T17:50:04 | INFO     | __main__         | STATUS | BTC=$68,958 ETH=$2,070 | positions=1 | daily_pnl=$+1.56 | kill=False
2026-03-26T17:50:10 | INFO     | __main__         | STATUS | BTC=$68,948 ETH=$2,069 | positions=1 | daily_pnl=$+1.56 | kill=False
2026-03-26T17:50:15 | INFO     | __main__         | STATUS | BTC=$68,949 ETH=$2,069 | positions=1 | daily_pnl=$+1.56 | kill=False
2026-03-26T17:50:20 | INFO     | __main__         | STATUS | BTC=$68,942 ETH=$2,069 | positions=1 | daily_pnl=$+1.56 | kill=False
2026-03-26T17:50:25 | INFO     | __main__         | STATUS | BTC=$68,942 ETH=$2,069 | positions=1 | daily_pnl=$+1.56 | kill=False
2026-03-26T17:50:30 | INFO     | __main__         | STATUS | BTC=$68,949 ETH=$2,069 | positions=1 | daily_pnl=$+1.56 | kill=False
2026-03-26T17:50:35 | INFO     | __main__         | STATUS | BTC=$68,940 ETH=$2,069 | positions=1 | daily_pnl=$+1.56 | kill=False
2026-03-26T17:50:40 | INFO     | __main__         | STATUS | BTC=$68,934 ETH=$2,069 | positions=1 | daily_pnl=$+1.56 | kill=False
2026-03-26T17:50:45 | INFO     | __main__         | STATUS | BTC=$68,948 ETH=$2,069 | positions=1 | daily_pnl=$+1.56 | kill=False
2026-03-26T17:50:50 | INFO     | __main__         | STATUS | BTC=$68,948 ETH=$2,069 | positions=1 | daily_pnl=$+1.56 | kill=False
2026-03-26T17:50:56 | INFO     | __main__         | STATUS | BTC=$68,942 ETH=$2,069 | positions=1 | daily_pnl=$+1.56 | kill=False
2026-03-26T17:51:01 | INFO     | __main__         | STATUS | BTC=$68,936 ETH=$2,069 | positions=1 | daily_pnl=$+1.56 | kill=False
2026-03-26T17:51:06 | INFO     | __main__         | STATUS | BTC=$68,932 ETH=$2,068 | positions=1 | daily_pnl=$+1.56 | kill=False
